MPLINK 5.08, LINKER
Linker Map File - Created Sun Dec  6 15:57:31 2015

                                 Section Info
                  Section       Type    Address   Location Size(Bytes)
                ---------  ---------  ---------  ---------  ---------
                   .org_0       code   0x000000    program   0x0000a0
                   .cinit    romdata   0x0000a0    program   0x000002
.config_300001_BUILD/DEFAULT/PRODUCTION/KEYPADM    romdata   0x300001    program   0x000001
.config_300002_BUILD/DEFAULT/PRODUCTION/KEYPADM    romdata   0x300002    program   0x000001
.config_300003_BUILD/DEFAULT/PRODUCTION/KEYPADM    romdata   0x300003    program   0x000001
.config_300006_BUILD/DEFAULT/PRODUCTION/KEYPADM    romdata   0x300006    program   0x000001



                              Program Memory Usage 
                               Start         End      
                           ---------   ---------      
                            0x000000    0x0000a1      
                            0x300001    0x300003      
                            0x300006    0x300006      
            166 out of 33048 program addresses used, program memory utilization is 0%



                              Symbols - Sorted by Name
                     Name    Address   Location    Storage File                     
                ---------  ---------  ---------  --------- ---------                
                    AGAIN   0x000086    program     static /home/mak/Projects/mplab/keypadExp/keypadAsm.X/keypadMain.asm
                   AGAIN1   0x00008a    program     static /home/mak/Projects/mplab/keypadExp/keypadAsm.X/keypadMain.asm
                    DELAY   0x000082    program     static /home/mak/Projects/mplab/keypadExp/keypadAsm.X/keypadMain.asm
                     HERE   0x00008e    program     static /home/mak/Projects/mplab/keypadExp/keypadAsm.X/keypadMain.asm
                    TRANS   0x000076    program     static /home/mak/Projects/mplab/keypadExp/keypadAsm.X/keypadMain.asm
                innerLoop   0x00004a    program     static /home/mak/Projects/mplab/keypadExp/keypadAsm.X/keypadMain.asm
                     main   0x000000    program     static /home/mak/Projects/mplab/keypadExp/keypadAsm.X/keypadMain.asm
                noTrasmit   0x00005c    program     static /home/mak/Projects/mplab/keypadExp/keypadAsm.X/keypadMain.asm
                  numHNot   0x000068    program     static /home/mak/Projects/mplab/keypadExp/keypadAsm.X/keypadMain.asm
                outerLoop   0x000044    program     static /home/mak/Projects/mplab/keypadExp/keypadAsm.X/keypadMain.asm
                sendAgain   0x00007a    program     static /home/mak/Projects/mplab/keypadExp/keypadAsm.X/keypadMain.asm
                startOver   0x00000c    program     static /home/mak/Projects/mplab/keypadExp/keypadAsm.X/keypadMain.asm



                              Symbols - Sorted by Address
                     Name    Address   Location    Storage File                     
                ---------  ---------  ---------  --------- ---------                
                     main   0x000000    program     static /home/mak/Projects/mplab/keypadExp/keypadAsm.X/keypadMain.asm
                startOver   0x00000c    program     static /home/mak/Projects/mplab/keypadExp/keypadAsm.X/keypadMain.asm
                outerLoop   0x000044    program     static /home/mak/Projects/mplab/keypadExp/keypadAsm.X/keypadMain.asm
                innerLoop   0x00004a    program     static /home/mak/Projects/mplab/keypadExp/keypadAsm.X/keypadMain.asm
                noTrasmit   0x00005c    program     static /home/mak/Projects/mplab/keypadExp/keypadAsm.X/keypadMain.asm
                  numHNot   0x000068    program     static /home/mak/Projects/mplab/keypadExp/keypadAsm.X/keypadMain.asm
                    TRANS   0x000076    program     static /home/mak/Projects/mplab/keypadExp/keypadAsm.X/keypadMain.asm
                sendAgain   0x00007a    program     static /home/mak/Projects/mplab/keypadExp/keypadAsm.X/keypadMain.asm
                    DELAY   0x000082    program     static /home/mak/Projects/mplab/keypadExp/keypadAsm.X/keypadMain.asm
                    AGAIN   0x000086    program     static /home/mak/Projects/mplab/keypadExp/keypadAsm.X/keypadMain.asm
                   AGAIN1   0x00008a    program     static /home/mak/Projects/mplab/keypadExp/keypadAsm.X/keypadMain.asm
                     HERE   0x00008e    program     static /home/mak/Projects/mplab/keypadExp/keypadAsm.X/keypadMain.asm


